// Jest Snapshot v1, https://goo.gl/fbAQLP

exports[`does not explode when rendered 1`] = `
<div
  className="MuiBox-root css-7m4n47"
>
  <div
    className="MuiPaper-root MuiPaper-elevation MuiPaper-rounded MuiPaper-elevation1 MuiCard-root css-p37t3g-MuiPaper-root-MuiCard-root"
  >
    <a
      className="MuiButtonBase-root MuiCardActionArea-root css-1dk9tco-MuiButtonBase-root-MuiCardActionArea-root"
      href="/cocktails/vesper"
      onBlur={[Function]}
      onClick={[Function]}
      onContextMenu={[Function]}
      onDragLeave={[Function]}
      onFocus={[Function]}
      onKeyDown={[Function]}
      onKeyUp={[Function]}
      onMouseDown={[Function]}
      onMouseLeave={[Function]}
      onMouseUp={[Function]}
      onTouchEnd={[Function]}
      onTouchMove={[Function]}
      onTouchStart={[Function]}
      tabIndex={0}
    >
      <div
        className="MuiCardHeader-root css-185gdzj-MuiCardHeader-root"
      >
        <div
          className="MuiCardHeader-avatar css-1ssile9-MuiCardHeader-avatar"
        >
          <div
            aria-label="Recipe"
            className="MuiAvatar-root MuiAvatar-circular MuiAvatar-colorDefault css-17o22dy-MuiAvatar-root"
            style={
              Object {
                "background": "linear-gradient(#D88317)",
                "backgroundColor": "#D88317",
              }
            }
          >
            <svg
              aria-hidden={true}
              className="MuiSvgIcon-root MuiSvgIcon-fontSizeMedium css-i4bv87-MuiSvgIcon-root"
              focusable="false"
              viewBox="0 0 24 24"
            >
              <svg>
                Martini.svg
              </svg>
            </svg>
          </div>
        </div>
        <div
          className="MuiCardHeader-content css-1qbkelo-MuiCardHeader-content"
        >
          <span
            className="MuiTypography-root MuiTypography-body2 MuiCardHeader-title css-et1ao3-MuiTypography-root"
          >
            <h1
              style={
                Object {
                  "fontSize": 20,
                  "marginBottom": 0,
                  "marginTop": 0,
                }
              }
            >
              Vesper
            </h1>
          </span>
          <span
            className="MuiTypography-root MuiTypography-body2 MuiCardHeader-subheader css-83ijpv-MuiTypography-root"
          >
            <span
              style={
                Object {
                  "fontSize": 14,
                  "fontStyle": "italic",
                }
              }
            >
              Before Dinner Cocktail
            </span>
          </span>
        </div>
      </div>
      <div
        className="MuiCardContent-root css-46bh2p-MuiCardContent-root"
      >
        <ul
          style={
            Object {
              "paddingLeft": 16,
            }
          }
        >
          <li>
            <p
              className="MuiTypography-root MuiTypography-body1 css-ahj2mt-MuiTypography-root"
            >
              <span>
                6 cl
                 
                <strong
                  aria-label="40% abv"
                  aria-labelledby={null}
                  className=""
                  data-mui-internal-clone-element={true}
                  onBlur={[Function]}
                  onFocus={[Function]}
                  onMouseLeave={[Function]}
                  onMouseOver={[Function]}
                  onTouchEnd={[Function]}
                  onTouchStart={[Function]}
                  style={
                    Object {
                      "cursor": "pointer",
                    }
                  }
                >
                  Gin
                </strong>
              </span>
            </p>
          </li>
          <li>
            <p
              className="MuiTypography-root MuiTypography-body1 css-ahj2mt-MuiTypography-root"
            >
              <span>
                1.5 cl
                 
                <strong
                  aria-label="40% abv"
                  aria-labelledby={null}
                  className=""
                  data-mui-internal-clone-element={true}
                  onBlur={[Function]}
                  onFocus={[Function]}
                  onMouseLeave={[Function]}
                  onMouseOver={[Function]}
                  onTouchEnd={[Function]}
                  onTouchStart={[Function]}
                  style={
                    Object {
                      "cursor": "pointer",
                    }
                  }
                >
                  Vodka
                </strong>
              </span>
            </p>
          </li>
          <li>
            <p
              className="MuiTypography-root MuiTypography-body1 css-ahj2mt-MuiTypography-root"
            >
              <span>
                0.75 cl
                 
                <strong
                  aria-label="15% abv"
                  aria-labelledby={null}
                  className=""
                  data-mui-internal-clone-element={true}
                  onBlur={[Function]}
                  onFocus={[Function]}
                  onMouseLeave={[Function]}
                  onMouseOver={[Function]}
                  onTouchEnd={[Function]}
                  onTouchStart={[Function]}
                  style={
                    Object {
                      "cursor": "pointer",
                    }
                  }
                >
                  Lillet Blonde
                </strong>
              </span>
            </p>
          </li>
        </ul>
        <br />
        <p
          className="MuiTypography-root MuiTypography-body1 css-1pnmrwp-MuiTypography-root"
        >
          <svg
            aria-hidden={true}
            className="MuiSvgIcon-root MuiSvgIcon-fontSizeInherit css-1vooibu-MuiSvgIcon-root"
            focusable="false"
            viewBox="0 0 24 24"
          >
            <svg>
              Martini.svg
            </svg>
          </svg>
           
          Martini
        </p>
        <p
          className="MuiTypography-root MuiTypography-body1 css-1pnmrwp-MuiTypography-root"
        >
          <svg
            aria-hidden={true}
            className="MuiSvgIcon-root MuiSvgIcon-fontSizeInherit css-1vooibu-MuiSvgIcon-root"
            data-testid="RedoIcon"
            focusable="false"
            viewBox="0 0 24 24"
          >
            <path
              d="M18.4 10.6C16.55 8.99 14.15 8 11.5 8c-4.65 0-8.58 3.03-9.96 7.22L3.9 16c1.05-3.19 4.05-5.5 7.6-5.5 1.95 0 3.73.72 5.12 1.88L13 16h9V7z"
            />
          </svg>
           
          Lemon twist
        </p>
      </div>
      <span
        className="MuiCardActionArea-focusHighlight css-1v2exvi-MuiCardActionArea-focusHighlight"
      />
      <span
        className="MuiTouchRipple-root css-8je8zh-MuiTouchRipple-root"
      />
    </a>
  </div>
</div>
`;
