// Vitest Snapshot v1, https://vitest.dev/guide/snapshot.html

exports[`does not explode when rendered 1`] = `
[
  <div
    className="MuiBox-root css-7a48mu"
    style={
      {
        "opacity": 0,
        "visibility": "hidden",
      }
    }
  />,
  <div
    className="MuiGrid-root MuiGrid-container MuiGrid-direction-xs-row css-d64g0g-MuiGrid-root"
  >
    <div
      className="MuiGrid-root MuiGrid-direction-xs-row css-npu4zu-MuiGrid-root"
    >
      <div
        style={
          {
            "padding": 16,
          }
        }
      >
        <h1
          className="MuiTypography-root MuiTypography-h1 css-f5nxol-MuiTypography-root"
          style={{}}
        >
          Vesper
        </h1>
        <div
          className="MuiBox-root css-11yuzuu"
        >
          <div
            className="MuiChip-root MuiChip-filled MuiChip-sizeMedium MuiChip-colorSecondary MuiChip-filledSecondary css-z5gqih-MuiChip-root"
            onClick={[Function]}
            onKeyDown={[Function]}
            onKeyUp={[Function]}
          >
            <span
              className="MuiChip-label MuiChip-labelMedium css-1dybbl5-MuiChip-label"
            >
              Before Dinner Cocktail
            </span>
          </div>
          <div
            className="MuiChip-root MuiChip-filled MuiChip-sizeMedium MuiChip-colorSecondary MuiChip-filledSecondary css-z5gqih-MuiChip-root"
            onClick={[Function]}
            onKeyDown={[Function]}
            onKeyUp={[Function]}
          >
            <span
              className="MuiChip-label MuiChip-labelMedium css-1dybbl5-MuiChip-label"
            >
              Martini
            </span>
          </div>
          <div
            className="MuiChip-root MuiChip-filled MuiChip-sizeMedium MuiChip-colorSecondary MuiChip-filledSecondary css-z5gqih-MuiChip-root"
            onClick={[Function]}
            onKeyDown={[Function]}
            onKeyUp={[Function]}
          >
            <span
              className="MuiChip-label MuiChip-labelMedium css-1dybbl5-MuiChip-label"
            >
              Lemon twist
            </span>
          </div>
        </div>
        <div
          className="MuiPaper-root MuiPaper-elevation MuiPaper-rounded MuiPaper-elevation1 css-1fdopfm-MuiPaper-root"
          style={
            {
              "--Paper-shadow": "0px 2px 1px -1px rgba(0,0,0,0.2),0px 1px 1px 0px rgba(0,0,0,0.14),0px 1px 3px 0px rgba(0,0,0,0.12)",
            }
          }
        >
          <ul
            className="MuiTypography-root MuiTypography-body1 MuiTypography-gutterBottom css-vjrxpc-MuiTypography-root"
            style={{}}
          >
            <li>
              <span>
                6 cl
                 
                <strong
                  aria-label="40% abv"
                  aria-labelledby={null}
                  className=""
                  data-mui-internal-clone-element={true}
                  onBlur={[Function]}
                  onFocus={[Function]}
                  onMouseLeave={[Function]}
                  onMouseOver={[Function]}
                  onTouchEnd={[Function]}
                  onTouchStart={[Function]}
                  style={
                    {
                      "cursor": "pointer",
                    }
                  }
                >
                  Gin
                </strong>
              </span>
            </li>
            <li>
              <span>
                1.5 cl
                 
                <strong
                  aria-label="40% abv"
                  aria-labelledby={null}
                  className=""
                  data-mui-internal-clone-element={true}
                  onBlur={[Function]}
                  onFocus={[Function]}
                  onMouseLeave={[Function]}
                  onMouseOver={[Function]}
                  onTouchEnd={[Function]}
                  onTouchStart={[Function]}
                  style={
                    {
                      "cursor": "pointer",
                    }
                  }
                >
                  Vodka
                </strong>
              </span>
            </li>
            <li>
              <span>
                0.75 cl
                 
                <strong
                  aria-label="15% abv"
                  aria-labelledby={null}
                  className=""
                  data-mui-internal-clone-element={true}
                  onBlur={[Function]}
                  onFocus={[Function]}
                  onMouseLeave={[Function]}
                  onMouseOver={[Function]}
                  onTouchEnd={[Function]}
                  onTouchStart={[Function]}
                  style={
                    {
                      "cursor": "pointer",
                    }
                  }
                >
                  Lillet Blonde
                </strong>
              </span>
            </li>
          </ul>
          <br />
          <p
            className="MuiTypography-root MuiTypography-body1 css-rizt0-MuiTypography-root"
            style={{}}
          >
            Shake and strain into a chilled cocktail glass.
          </p>
        </div>
      </div>
    </div>
    <div
      className="MuiGrid-root MuiGrid-direction-xs-row css-17fpwt7-MuiGrid-root"
    >
      <div
        className="MuiBox-root css-jfwar9"
        style={
          {
            "opacity": 0,
            "visibility": "hidden",
          }
        }
      />
    </div>
  </div>,
]
`;
