// Vitest Snapshot v1, https://vitest.dev/guide/snapshot.html

exports[`does not explode when rendered 1`] = `
<div
  className="MuiTableContainer-root css-1en93pq-MuiTableContainer-root"
>
  <table
    className="MuiTable-root css-rqglhn-MuiTable-root"
    role={null}
  >
    <thead
      className="MuiTableHead-root css-15wwp11-MuiTableHead-root"
      role={null}
    >
      <tr
        className="MuiTableRow-root MuiTableRow-head css-1q1u3t4-MuiTableRow-root"
        role={null}
      >
        <th
          aria-sort={null}
          className="MuiTableCell-root MuiTableCell-head MuiTableCell-sizeMedium css-1ygcj2i-MuiTableCell-root"
          scope="col"
        >
          Appearance
        </th>
        <th
          aria-sort={null}
          className="MuiTableCell-root MuiTableCell-head MuiTableCell-sizeMedium css-1ygcj2i-MuiTableCell-root"
          scope="col"
        >
          Name
        </th>
        <div
          className="MuiBox-root css-130f8nx"
        >
          <th
            aria-sort={null}
            className="MuiTableCell-root MuiTableCell-head MuiTableCell-sizeMedium css-1ygcj2i-MuiTableCell-root"
            scope="col"
          >
            Category
          </th>
        </div>
      </tr>
    </thead>
    <tbody
      className="MuiTableBody-root css-apqrd9-MuiTableBody-root"
      role={null}
    >
      <tr
        className="MuiTableRow-root MuiTableRow-hover css-1q1u3t4-MuiTableRow-root"
        role={null}
        tabIndex={-1}
      >
        <td
          aria-sort={null}
          className="MuiTableCell-root MuiTableCell-body MuiTableCell-sizeMedium css-1ex1afd-MuiTableCell-root"
        >
          <div
            aria-label="Recipe"
            className="MuiAvatar-root MuiAvatar-circular MuiAvatar-colorDefault css-17o22dy-MuiAvatar-root"
            style={
              {
                "background": "linear-gradient(#D88317)",
                "backgroundColor": "#D88317",
              }
            }
          >
            <svg
              aria-hidden={true}
              className="MuiSvgIcon-root MuiSvgIcon-fontSizeMedium css-i4bv87-MuiSvgIcon-root"
              focusable="false"
              viewBox="0 0 24 24"
            >
              <path
                d="m 21,7.5 v -2 H 3 v 2 l 8,9 v 5 H 6 v 2 h 12 v -2 h -5 v -5 z m -13.57,2 -1.77,-2 h 12.69 l -1.78,2 z"
              />
            </svg>
          </div>
        </td>
        <td
          aria-sort={null}
          className="MuiTableCell-root MuiTableCell-body MuiTableCell-sizeMedium css-1ex1afd-MuiTableCell-root"
        >
          Vesper
        </td>
        <div
          className="MuiBox-root css-130f8nx"
        >
          <td
            aria-sort={null}
            className="MuiTableCell-root MuiTableCell-body MuiTableCell-sizeMedium css-1ex1afd-MuiTableCell-root"
          >
            Before Dinner Cocktail
          </td>
        </div>
      </tr>
    </tbody>
  </table>
</div>
`;
