[    1109ms] [WARNING] An input selector returned a different result when passed same arguments.
This means your output selector will likely run more frequently than intended.
Avoid returning a new reference inside your input selector, e.g.
`createSelector([state => state.todos.map(todo => todo.id)], todoIds => todoIds.length)` {arguments: Arguments(1), firstInputs: Array(2), secondInputs: Array(2), stack: Error
    at Object.runInputStabilityCheck [as run…p://localhost:3000/static/js/bundle.js:108934:18)} @ http://localhost:3000/static/js/bundle.js:109710
[    1150ms] [ERROR] Warning: findDOMNode is deprecated and will be removed in the next major release. Instead, add a ref directly to the element you want to reference. Learn more about using refs safely here: https://reactjs.org/link/strict-mode-find-node%s 
    at a
    at LinkWithRef (http://localhost:3000/static/js/bundle.js:94334:7)
    at ButtonBase (http://localhost:3000/static/js/bundle.js:9499:22)
    at WithStyles (http://localhost:3000/static/js/bundle.js:29737:31)
    at Button (http://localhost:3000/static/js/bundle.js:9277:24)
    at WithStyles (http://localhost:3000/static/js/bundle.js:29737:31)
    at div
    at div
    at Toolbar (http://localhost:3000/static/js/bundle.js:24391:23)
    at WithStyles (http://localhost:3000/static/js/bundle.js:29737:31)
    at header
    at Paper (http://localhost:3000/static/js/bundle.js:20000:23)
    at WithStyles (http://localhost:3000/static/js/bundle.js:29737:31)
    at AppBar (http://localhost:3000/static/js/bundle.js:8573:23)
    at WithStyles (http://localhost:3000/static/js/bundle.js:29737:31)
    at Topbar (http://localhost:3000/static/js/bundle.js:6061:3)
    at WithStyles (http://localhost:3000/static/js/bundle.js:29737:31)
    at ConnectFunction (http://localhost:3000/static/js/bundle.js:108868:103)
    at Router (http://localhost:3000/static/js/bundle.js:96315:15)
    at BrowserRouter (http://localhost:3000/static/js/bundle.js:94216:5)
    at ThemeProvider (http://localhost:3000/static/js/bundle.js:28832:24)
    at Theme (http://localhost:3000/static/js/bundle.js:7631:3)
    at ConnectFunction (http://localhost:3000/static/js/bundle.js:108868:103)
    at App (http://localhost:3000/static/js/bundle.js:387:72)
    at Provider (http://localhost:3000/static/js/bundle.js:109019:5) @ http://localhost:3000/static/js/bundle.js:66520
[    1181ms] [WARNING] ⚠️ React Router Future Flag Warning: React Router will begin wrapping state updates in `React.startTransition` in v7. You can use the `v7_startTransition` future flag to opt-in early. For more information, see https://reactrouter.com/v6/upgrading/future#v7_starttransition. @ http://localhost:3000/static/js/bundle.js:96063
[    1181ms] [WARNING] ⚠️ React Router Future Flag Warning: Relative route resolution within Splat routes is changing in v7. You can use the `v7_relativeSplatPath` future flag to opt-in early. For more information, see https://reactrouter.com/v6/upgrading/future#v7_relativesplatpath. @ http://localhost:3000/static/js/bundle.js:96063
[ 5510350ms] [WARNING] An input selector returned a different result when passed same arguments.
This means your output selector will likely run more frequently than intended.
Avoid returning a new reference inside your input selector, e.g.
`createSelector([state => state.todos.map(todo => todo.id)], todoIds => todoIds.length)` {arguments: Arguments(1), firstInputs: Array(2), secondInputs: Array(2), stack: Error
    at Object.runInputStabilityCheck [as run…p://localhost:3000/static/js/bundle.js:108813:18)} @ http://localhost:3000/static/js/bundle.js:109589
[ 5510395ms] [ERROR] Warning: findDOMNode is deprecated and will be removed in the next major release. Instead, add a ref directly to the element you want to reference. Learn more about using refs safely here: https://reactjs.org/link/strict-mode-find-node%s 
    at a
    at LinkWithRef (http://localhost:3000/static/js/bundle.js:94213:7)
    at ButtonBase (http://localhost:3000/static/js/bundle.js:9401:22)
    at WithStyles (http://localhost:3000/static/js/bundle.js:29616:31)
    at Button (http://localhost:3000/static/js/bundle.js:9179:24)
    at WithStyles (http://localhost:3000/static/js/bundle.js:29616:31)
    at div
    at div
    at Toolbar (http://localhost:3000/static/js/bundle.js:24293:23)
    at WithStyles (http://localhost:3000/static/js/bundle.js:29616:31)
    at header
    at Paper (http://localhost:3000/static/js/bundle.js:19902:23)
    at WithStyles (http://localhost:3000/static/js/bundle.js:29616:31)
    at AppBar (http://localhost:3000/static/js/bundle.js:8475:23)
    at WithStyles (http://localhost:3000/static/js/bundle.js:29616:31)
    at Topbar (http://localhost:3000/static/js/bundle.js:6008:3)
    at WithStyles (http://localhost:3000/static/js/bundle.js:29616:31)
    at ConnectFunction (http://localhost:3000/static/js/bundle.js:108747:103)
    at Router (http://localhost:3000/static/js/bundle.js:96194:15)
    at BrowserRouter (http://localhost:3000/static/js/bundle.js:94095:5)
    at ThemeProvider (http://localhost:3000/static/js/bundle.js:28711:24)
    at Theme (http://localhost:3000/static/js/bundle.js:7533:3)
    at ConnectFunction (http://localhost:3000/static/js/bundle.js:108747:103)
    at App (http://localhost:3000/static/js/bundle.js:387:72)
    at Provider (http://localhost:3000/static/js/bundle.js:108898:5) @ http://localhost:3000/static/js/bundle.js:66399
[ 5510403ms] [WARNING] ⚠️ React Router Future Flag Warning: React Router will begin wrapping state updates in `React.startTransition` in v7. You can use the `v7_startTransition` future flag to opt-in early. For more information, see https://reactrouter.com/v6/upgrading/future#v7_starttransition. @ http://localhost:3000/static/js/bundle.js:95942
[ 5510404ms] [WARNING] ⚠️ React Router Future Flag Warning: Relative route resolution within Splat routes is changing in v7. You can use the `v7_relativeSplatPath` future flag to opt-in early. For more information, see https://reactrouter.com/v6/upgrading/future#v7_relativesplatpath. @ http://localhost:3000/static/js/bundle.js:95942
[ 6024603ms] [WARNING] An input selector returned a different result when passed same arguments.
This means your output selector will likely run more frequently than intended.
Avoid returning a new reference inside your input selector, e.g.
`createSelector([state => state.todos.map(todo => todo.id)], todoIds => todoIds.length)` {arguments: Arguments(1), firstInputs: Array(2), secondInputs: Array(2), stack: Error
    at Object.runInputStabilityCheck [as run…p://localhost:3000/static/js/bundle.js:108813:18)} @ http://localhost:3000/static/js/bundle.js:109589
[ 6024640ms] [ERROR] Warning: findDOMNode is deprecated and will be removed in the next major release. Instead, add a ref directly to the element you want to reference. Learn more about using refs safely here: https://reactjs.org/link/strict-mode-find-node%s 
    at a
    at LinkWithRef (http://localhost:3000/static/js/bundle.js:94213:7)
    at ButtonBase (http://localhost:3000/static/js/bundle.js:9401:22)
    at WithStyles (http://localhost:3000/static/js/bundle.js:29616:31)
    at Button (http://localhost:3000/static/js/bundle.js:9179:24)
    at WithStyles (http://localhost:3000/static/js/bundle.js:29616:31)
    at div
    at div
    at Toolbar (http://localhost:3000/static/js/bundle.js:24293:23)
    at WithStyles (http://localhost:3000/static/js/bundle.js:29616:31)
    at header
    at Paper (http://localhost:3000/static/js/bundle.js:19902:23)
    at WithStyles (http://localhost:3000/static/js/bundle.js:29616:31)
    at AppBar (http://localhost:3000/static/js/bundle.js:8475:23)
    at WithStyles (http://localhost:3000/static/js/bundle.js:29616:31)
    at Topbar (http://localhost:3000/static/js/bundle.js:6008:3)
    at WithStyles (http://localhost:3000/static/js/bundle.js:29616:31)
    at ConnectFunction (http://localhost:3000/static/js/bundle.js:108747:103)
    at Router (http://localhost:3000/static/js/bundle.js:96194:15)
    at BrowserRouter (http://localhost:3000/static/js/bundle.js:94095:5)
    at ThemeProvider (http://localhost:3000/static/js/bundle.js:28711:24)
    at Theme (http://localhost:3000/static/js/bundle.js:7533:3)
    at ConnectFunction (http://localhost:3000/static/js/bundle.js:108747:103)
    at App (http://localhost:3000/static/js/bundle.js:387:72)
    at Provider (http://localhost:3000/static/js/bundle.js:108898:5) @ http://localhost:3000/static/js/bundle.js:66399
[ 6024651ms] [WARNING] ⚠️ React Router Future Flag Warning: React Router will begin wrapping state updates in `React.startTransition` in v7. You can use the `v7_startTransition` future flag to opt-in early. For more information, see https://reactrouter.com/v6/upgrading/future#v7_starttransition. @ http://localhost:3000/static/js/bundle.js:95942
[ 6024652ms] [WARNING] ⚠️ React Router Future Flag Warning: Relative route resolution within Splat routes is changing in v7. You can use the `v7_relativeSplatPath` future flag to opt-in early. For more information, see https://reactrouter.com/v6/upgrading/future#v7_relativesplatpath. @ http://localhost:3000/static/js/bundle.js:95942
[ 6041496ms] [WARNING] An input selector returned a different result when passed same arguments.
This means your output selector will likely run more frequently than intended.
Avoid returning a new reference inside your input selector, e.g.
`createSelector([state => state.todos.map(todo => todo.id)], todoIds => todoIds.length)` {arguments: Arguments(1), firstInputs: Array(2), secondInputs: Array(2), stack: Error
    at Object.runInputStabilityCheck [as run…p://localhost:3000/static/js/bundle.js:108813:18)} @ http://localhost:3000/static/js/bundle.js:109589
[ 6041545ms] [ERROR] Warning: findDOMNode is deprecated and will be removed in the next major release. Instead, add a ref directly to the element you want to reference. Learn more about using refs safely here: https://reactjs.org/link/strict-mode-find-node%s 
    at a
    at LinkWithRef (http://localhost:3000/static/js/bundle.js:94213:7)
    at ButtonBase (http://localhost:3000/static/js/bundle.js:9401:22)
    at WithStyles (http://localhost:3000/static/js/bundle.js:29616:31)
    at Button (http://localhost:3000/static/js/bundle.js:9179:24)
    at WithStyles (http://localhost:3000/static/js/bundle.js:29616:31)
    at div
    at div
    at Toolbar (http://localhost:3000/static/js/bundle.js:24293:23)
    at WithStyles (http://localhost:3000/static/js/bundle.js:29616:31)
    at header
    at Paper (http://localhost:3000/static/js/bundle.js:19902:23)
    at WithStyles (http://localhost:3000/static/js/bundle.js:29616:31)
    at AppBar (http://localhost:3000/static/js/bundle.js:8475:23)
    at WithStyles (http://localhost:3000/static/js/bundle.js:29616:31)
    at Topbar (http://localhost:3000/static/js/bundle.js:6008:3)
    at WithStyles (http://localhost:3000/static/js/bundle.js:29616:31)
    at ConnectFunction (http://localhost:3000/static/js/bundle.js:108747:103)
    at Router (http://localhost:3000/static/js/bundle.js:96194:15)
    at BrowserRouter (http://localhost:3000/static/js/bundle.js:94095:5)
    at ThemeProvider (http://localhost:3000/static/js/bundle.js:28711:24)
    at Theme (http://localhost:3000/static/js/bundle.js:7533:3)
    at ConnectFunction (http://localhost:3000/static/js/bundle.js:108747:103)
    at App (http://localhost:3000/static/js/bundle.js:387:72)
    at Provider (http://localhost:3000/static/js/bundle.js:108898:5) @ http://localhost:3000/static/js/bundle.js:66399
[ 6041552ms] [WARNING] ⚠️ React Router Future Flag Warning: React Router will begin wrapping state updates in `React.startTransition` in v7. You can use the `v7_startTransition` future flag to opt-in early. For more information, see https://reactrouter.com/v6/upgrading/future#v7_starttransition. @ http://localhost:3000/static/js/bundle.js:95942
[ 6041552ms] [WARNING] ⚠️ React Router Future Flag Warning: Relative route resolution within Splat routes is changing in v7. You can use the `v7_relativeSplatPath` future flag to opt-in early. For more information, see https://reactrouter.com/v6/upgrading/future#v7_relativesplatpath. @ http://localhost:3000/static/js/bundle.js:95942
[ 6150530ms] [WARNING] An input selector returned a different result when passed same arguments.
This means your output selector will likely run more frequently than intended.
Avoid returning a new reference inside your input selector, e.g.
`createSelector([state => state.todos.map(todo => todo.id)], todoIds => todoIds.length)` {arguments: Arguments(1), firstInputs: Array(2), secondInputs: Array(2), stack: Error
    at Object.runInputStabilityCheck [as run…p://localhost:3000/static/js/bundle.js:109062:18)} @ http://localhost:3000/static/js/bundle.js:109838
[ 6150576ms] [ERROR] Warning: findDOMNode is deprecated and will be removed in the next major release. Instead, add a ref directly to the element you want to reference. Learn more about using refs safely here: https://reactjs.org/link/strict-mode-find-node%s 
    at a
    at LinkWithRef (http://localhost:3000/static/js/bundle.js:94462:7)
    at ButtonBase (http://localhost:3000/static/js/bundle.js:9650:22)
    at WithStyles (http://localhost:3000/static/js/bundle.js:29865:31)
    at Button (http://localhost:3000/static/js/bundle.js:9428:24)
    at WithStyles (http://localhost:3000/static/js/bundle.js:29865:31)
    at div
    at div
    at Toolbar (http://localhost:3000/static/js/bundle.js:24542:23)
    at WithStyles (http://localhost:3000/static/js/bundle.js:29865:31)
    at header
    at Paper (http://localhost:3000/static/js/bundle.js:20151:23)
    at WithStyles (http://localhost:3000/static/js/bundle.js:29865:31)
    at AppBar (http://localhost:3000/static/js/bundle.js:8724:23)
    at WithStyles (http://localhost:3000/static/js/bundle.js:29865:31)
    at Topbar (http://localhost:3000/static/js/bundle.js:5967:3)
    at WithStyles (http://localhost:3000/static/js/bundle.js:29865:31)
    at ConnectFunction (http://localhost:3000/static/js/bundle.js:108996:103)
    at Router (http://localhost:3000/static/js/bundle.js:96443:15)
    at BrowserRouter (http://localhost:3000/static/js/bundle.js:94344:5)
    at ThemeProvider (http://localhost:3000/static/js/bundle.js:28960:24)
    at Theme (http://localhost:3000/static/js/bundle.js:7446:3)
    at App (http://localhost:3000/static/js/bundle.js:387:72)
    at Provider (http://localhost:3000/static/js/bundle.js:109147:5) @ http://localhost:3000/static/js/bundle.js:66648
[ 6150584ms] [WARNING] ⚠️ React Router Future Flag Warning: React Router will begin wrapping state updates in `React.startTransition` in v7. You can use the `v7_startTransition` future flag to opt-in early. For more information, see https://reactrouter.com/v6/upgrading/future#v7_starttransition. @ http://localhost:3000/static/js/bundle.js:96191
[ 6150584ms] [WARNING] ⚠️ React Router Future Flag Warning: Relative route resolution within Splat routes is changing in v7. You can use the `v7_relativeSplatPath` future flag to opt-in early. For more information, see https://reactrouter.com/v6/upgrading/future#v7_relativesplatpath. @ http://localhost:3000/static/js/bundle.js:96191
[ 6447867ms] [WARNING] An input selector returned a different result when passed same arguments.
This means your output selector will likely run more frequently than intended.
Avoid returning a new reference inside your input selector, e.g.
`createSelector([state => state.todos.map(todo => todo.id)], todoIds => todoIds.length)` {arguments: Arguments(1), firstInputs: Array(2), secondInputs: Array(2), stack: Error
    at Object.runInputStabilityCheck [as run…p://localhost:3000/static/js/bundle.js:109025:18)} @ http://localhost:3000/static/js/bundle.js:109801
[ 6447917ms] [ERROR] Warning: findDOMNode is deprecated and will be removed in the next major release. Instead, add a ref directly to the element you want to reference. Learn more about using refs safely here: https://reactjs.org/link/strict-mode-find-node%s 
    at a
    at LinkWithRef (http://localhost:3000/static/js/bundle.js:94425:7)
    at ButtonBase (http://localhost:3000/static/js/bundle.js:9613:22)
    at WithStyles (http://localhost:3000/static/js/bundle.js:29828:31)
    at Button (http://localhost:3000/static/js/bundle.js:9391:24)
    at WithStyles (http://localhost:3000/static/js/bundle.js:29828:31)
    at div
    at div
    at Toolbar (http://localhost:3000/static/js/bundle.js:24505:23)
    at WithStyles (http://localhost:3000/static/js/bundle.js:29828:31)
    at header
    at Paper (http://localhost:3000/static/js/bundle.js:20114:23)
    at WithStyles (http://localhost:3000/static/js/bundle.js:29828:31)
    at AppBar (http://localhost:3000/static/js/bundle.js:8687:23)
    at WithStyles (http://localhost:3000/static/js/bundle.js:29828:31)
    at Topbar (http://localhost:3000/static/js/bundle.js:5930:3)
    at WithStyles (http://localhost:3000/static/js/bundle.js:29828:31)
    at ConnectFunction (http://localhost:3000/static/js/bundle.js:108959:103)
    at Router (http://localhost:3000/static/js/bundle.js:96406:15)
    at BrowserRouter (http://localhost:3000/static/js/bundle.js:94307:5)
    at ThemeProvider (http://localhost:3000/static/js/bundle.js:28923:24)
    at Theme (http://localhost:3000/static/js/bundle.js:7409:3)
    at App (http://localhost:3000/static/js/bundle.js:387:72)
    at Provider (http://localhost:3000/static/js/bundle.js:109110:5) @ http://localhost:3000/static/js/bundle.js:66611
[ 6447925ms] [WARNING] ⚠️ React Router Future Flag Warning: React Router will begin wrapping state updates in `React.startTransition` in v7. You can use the `v7_startTransition` future flag to opt-in early. For more information, see https://reactrouter.com/v6/upgrading/future#v7_starttransition. @ http://localhost:3000/static/js/bundle.js:96154
[ 6447925ms] [WARNING] ⚠️ React Router Future Flag Warning: Relative route resolution within Splat routes is changing in v7. You can use the `v7_relativeSplatPath` future flag to opt-in early. For more information, see https://reactrouter.com/v6/upgrading/future#v7_relativesplatpath. @ http://localhost:3000/static/js/bundle.js:96154
[ 6520550ms] [WARNING] An input selector returned a different result when passed same arguments.
This means your output selector will likely run more frequently than intended.
Avoid returning a new reference inside your input selector, e.g.
`createSelector([state => state.todos.map(todo => todo.id)], todoIds => todoIds.length)` {arguments: Arguments(1), firstInputs: Array(2), secondInputs: Array(2), stack: Error
    at Object.runInputStabilityCheck [as run…p://localhost:3000/static/js/bundle.js:109025:18)} @ http://localhost:3000/static/js/bundle.js:109801
[ 6520598ms] [ERROR] Warning: findDOMNode is deprecated and will be removed in the next major release. Instead, add a ref directly to the element you want to reference. Learn more about using refs safely here: https://reactjs.org/link/strict-mode-find-node%s 
    at a
    at LinkWithRef (http://localhost:3000/static/js/bundle.js:94425:7)
    at ButtonBase (http://localhost:3000/static/js/bundle.js:9613:22)
    at WithStyles (http://localhost:3000/static/js/bundle.js:29828:31)
    at Button (http://localhost:3000/static/js/bundle.js:9391:24)
    at WithStyles (http://localhost:3000/static/js/bundle.js:29828:31)
    at div
    at div
    at Toolbar (http://localhost:3000/static/js/bundle.js:24505:23)
    at WithStyles (http://localhost:3000/static/js/bundle.js:29828:31)
    at header
    at Paper (http://localhost:3000/static/js/bundle.js:20114:23)
    at WithStyles (http://localhost:3000/static/js/bundle.js:29828:31)
    at AppBar (http://localhost:3000/static/js/bundle.js:8687:23)
    at WithStyles (http://localhost:3000/static/js/bundle.js:29828:31)
    at Topbar (http://localhost:3000/static/js/bundle.js:5930:3)
    at WithStyles (http://localhost:3000/static/js/bundle.js:29828:31)
    at ConnectFunction (http://localhost:3000/static/js/bundle.js:108959:103)
    at Router (http://localhost:3000/static/js/bundle.js:96406:15)
    at BrowserRouter (http://localhost:3000/static/js/bundle.js:94307:5)
    at ThemeProvider (http://localhost:3000/static/js/bundle.js:28923:24)
    at Theme (http://localhost:3000/static/js/bundle.js:7409:3)
    at App (http://localhost:3000/static/js/bundle.js:387:72)
    at Provider (http://localhost:3000/static/js/bundle.js:109110:5) @ http://localhost:3000/static/js/bundle.js:66611
[ 6520606ms] [WARNING] ⚠️ React Router Future Flag Warning: React Router will begin wrapping state updates in `React.startTransition` in v7. You can use the `v7_startTransition` future flag to opt-in early. For more information, see https://reactrouter.com/v6/upgrading/future#v7_starttransition. @ http://localhost:3000/static/js/bundle.js:96154
[ 6520606ms] [WARNING] ⚠️ React Router Future Flag Warning: Relative route resolution within Splat routes is changing in v7. You can use the `v7_relativeSplatPath` future flag to opt-in early. For more information, see https://reactrouter.com/v6/upgrading/future#v7_relativesplatpath. @ http://localhost:3000/static/js/bundle.js:96154
[ 6700055ms] [WARNING] An input selector returned a different result when passed same arguments.
This means your output selector will likely run more frequently than intended.
Avoid returning a new reference inside your input selector, e.g.
`createSelector([state => state.todos.map(todo => todo.id)], todoIds => todoIds.length)` {arguments: Arguments(1), firstInputs: Array(2), secondInputs: Array(2), stack: Error
    at Object.runInputStabilityCheck [as run…p://localhost:3000/static/js/bundle.js:109025:18)} @ http://localhost:3000/static/js/bundle.js:109801
[ 6700104ms] [ERROR] Warning: findDOMNode is deprecated and will be removed in the next major release. Instead, add a ref directly to the element you want to reference. Learn more about using refs safely here: https://reactjs.org/link/strict-mode-find-node%s 
    at a
    at LinkWithRef (http://localhost:3000/static/js/bundle.js:94425:7)
    at ButtonBase (http://localhost:3000/static/js/bundle.js:9613:22)
    at WithStyles (http://localhost:3000/static/js/bundle.js:29828:31)
    at Button (http://localhost:3000/static/js/bundle.js:9391:24)
    at WithStyles (http://localhost:3000/static/js/bundle.js:29828:31)
    at div
    at div
    at Toolbar (http://localhost:3000/static/js/bundle.js:24505:23)
    at WithStyles (http://localhost:3000/static/js/bundle.js:29828:31)
    at header
    at Paper (http://localhost:3000/static/js/bundle.js:20114:23)
    at WithStyles (http://localhost:3000/static/js/bundle.js:29828:31)
    at AppBar (http://localhost:3000/static/js/bundle.js:8687:23)
    at WithStyles (http://localhost:3000/static/js/bundle.js:29828:31)
    at Topbar (http://localhost:3000/static/js/bundle.js:5930:3)
    at WithStyles (http://localhost:3000/static/js/bundle.js:29828:31)
    at ConnectFunction (http://localhost:3000/static/js/bundle.js:108959:103)
    at Router (http://localhost:3000/static/js/bundle.js:96406:15)
    at BrowserRouter (http://localhost:3000/static/js/bundle.js:94307:5)
    at ThemeProvider (http://localhost:3000/static/js/bundle.js:28923:24)
    at Theme (http://localhost:3000/static/js/bundle.js:7409:3)
    at App (http://localhost:3000/static/js/bundle.js:387:72)
    at Provider (http://localhost:3000/static/js/bundle.js:109110:5) @ http://localhost:3000/static/js/bundle.js:66611
[ 6700111ms] [WARNING] ⚠️ React Router Future Flag Warning: React Router will begin wrapping state updates in `React.startTransition` in v7. You can use the `v7_startTransition` future flag to opt-in early. For more information, see https://reactrouter.com/v6/upgrading/future#v7_starttransition. @ http://localhost:3000/static/js/bundle.js:96154
[ 6700111ms] [WARNING] ⚠️ React Router Future Flag Warning: Relative route resolution within Splat routes is changing in v7. You can use the `v7_relativeSplatPath` future flag to opt-in early. For more information, see https://reactrouter.com/v6/upgrading/future#v7_relativesplatpath. @ http://localhost:3000/static/js/bundle.js:96154
