[     402ms] [ERROR] Warning: findDOMNode is deprecated and will be removed in the next major release. Instead, add a ref directly to the element you want to reference. Learn more about using refs safely here: https://reactjs.org/link/strict-mode-find-node%s 
    at a
    at LinkWithRef (http://localhost:3000/static/js/bundle.js:94338:7)
    at ButtonBase (http://localhost:3000/static/js/bundle.js:9503:22)
    at WithStyles (http://localhost:3000/static/js/bundle.js:29741:31)
    at Button (http://localhost:3000/static/js/bundle.js:9281:24)
    at WithStyles (http://localhost:3000/static/js/bundle.js:29741:31)
    at div
    at div
    at Toolbar (http://localhost:3000/static/js/bundle.js:24395:23)
    at WithStyles (http://localhost:3000/static/js/bundle.js:29741:31)
    at header
    at Paper (http://localhost:3000/static/js/bundle.js:20004:23)
    at WithStyles (http://localhost:3000/static/js/bundle.js:29741:31)
    at AppBar (http://localhost:3000/static/js/bundle.js:8577:23)
    at WithStyles (http://localhost:3000/static/js/bundle.js:29741:31)
    at Topbar (http://localhost:3000/static/js/bundle.js:6065:3)
    at WithStyles (http://localhost:3000/static/js/bundle.js:29741:31)
    at ConnectFunction (http://localhost:3000/static/js/bundle.js:108872:103)
    at Router (http://localhost:3000/static/js/bundle.js:96319:15)
    at BrowserRouter (http://localhost:3000/static/js/bundle.js:94220:5)
    at ThemeProvider (http://localhost:3000/static/js/bundle.js:28836:24)
    at Theme (http://localhost:3000/static/js/bundle.js:7635:3)
    at ConnectFunction (http://localhost:3000/static/js/bundle.js:108872:103)
    at App (http://localhost:3000/static/js/bundle.js:387:72)
    at Provider (http://localhost:3000/static/js/bundle.js:109023:5) @ http://localhost:3000/static/js/bundle.js:66524
[     403ms] [WARNING] ⚠️ React Router Future Flag Warning: React Router will begin wrapping state updates in `React.startTransition` in v7. You can use the `v7_startTransition` future flag to opt-in early. For more information, see https://reactrouter.com/v6/upgrading/future#v7_starttransition. @ http://localhost:3000/static/js/bundle.js:96067
[     403ms] [WARNING] ⚠️ React Router Future Flag Warning: Relative route resolution within Splat routes is changing in v7. You can use the `v7_relativeSplatPath` future flag to opt-in early. For more information, see https://reactrouter.com/v6/upgrading/future#v7_relativesplatpath. @ http://localhost:3000/static/js/bundle.js:96067
