[     360ms] [ERROR] Warning: findDOMNode is deprecated and will be removed in the next major release. Instead, add a ref directly to the element you want to reference. Learn more about using refs safely here: https://reactjs.org/link/strict-mode-find-node%s 
    at a
    at LinkWithRef (http://localhost:3000/static/js/bundle.js:94338:7)
    at ButtonBase (http://localhost:3000/static/js/bundle.js:9503:22)
    at WithStyles (http://localhost:3000/static/js/bundle.js:29741:31)
    at Button (http://localhost:3000/static/js/bundle.js:9281:24)
    at WithStyles (http://localhost:3000/static/js/bundle.js:29741:31)
    at div
    at div
    at Toolbar (http://localhost:3000/static/js/bundle.js:24395:23)
    at WithStyles (http://localhost:3000/static/js/bundle.js:29741:31)
    at header
    at Paper (http://localhost:3000/static/js/bundle.js:20004:23)
    at WithStyles (http://localhost:3000/static/js/bundle.js:29741:31)
    at AppBar (http://localhost:3000/static/js/bundle.js:8577:23)
    at WithStyles (http://localhost:3000/static/js/bundle.js:29741:31)
    at Topbar (http://localhost:3000/static/js/bundle.js:6065:3)
    at WithStyles (http://localhost:3000/static/js/bundle.js:29741:31)
    at ConnectFunction (http://localhost:3000/static/js/bundle.js:108872:103)
    at Router (http://localhost:3000/static/js/bundle.js:96319:15)
    at BrowserRouter (http://localhost:3000/static/js/bundle.js:94220:5)
    at ThemeProvider (http://localhost:3000/static/js/bundle.js:28836:24)
    at Theme (http://localhost:3000/static/js/bundle.js:7635:3)
    at ConnectFunction (http://localhost:3000/static/js/bundle.js:108872:103)
    at App (http://localhost:3000/static/js/bundle.js:387:72)
    at Provider (http://localhost:3000/static/js/bundle.js:109023:5) @ http://localhost:3000/static/js/bundle.js:66524
[     362ms] [WARNING] ⚠️ React Router Future Flag Warning: React Router will begin wrapping state updates in `React.startTransition` in v7. You can use the `v7_startTransition` future flag to opt-in early. For more information, see https://reactrouter.com/v6/upgrading/future#v7_starttransition. @ http://localhost:3000/static/js/bundle.js:96067
[     362ms] [WARNING] ⚠️ React Router Future Flag Warning: Relative route resolution within Splat routes is changing in v7. You can use the `v7_relativeSplatPath` future flag to opt-in early. For more information, see https://reactrouter.com/v6/upgrading/future#v7_relativesplatpath. @ http://localhost:3000/static/js/bundle.js:96067
[    2692ms] [ERROR] Failed to load resource: net::ERR_CONNECTION_REFUSED @ http://localhost:9999/v1/events:0
[    6056ms] [ERROR] Failed to load resource: net::ERR_CONNECTION_REFUSED @ http://localhost:9999/v1/events:0
[   10408ms] [ERROR] Failed to load resource: net::ERR_CONNECTION_REFUSED @ http://localhost:9999/v1/events:0
[   16759ms] [ERROR] Failed to load resource: net::ERR_CONNECTION_REFUSED @ http://localhost:9999/v1/events:0
[   27107ms] [ERROR] Failed to load resource: net::ERR_CONNECTION_REFUSED @ http://localhost:9999/v1/events:0
[   45434ms] [ERROR] Failed to load resource: net::ERR_CONNECTION_REFUSED @ http://localhost:9999/v1/events:0
[   77762ms] [ERROR] Failed to load resource: net::ERR_CONNECTION_REFUSED @ http://localhost:9999/v1/events:0
[  110144ms] [ERROR] Failed to load resource: net::ERR_CONNECTION_REFUSED @ http://localhost:9999/v1/events:0
[  142480ms] [ERROR] Failed to load resource: net::ERR_CONNECTION_REFUSED @ http://localhost:9999/v1/events:0
[  174831ms] [ERROR] Failed to load resource: net::ERR_CONNECTION_REFUSED @ http://localhost:9999/v1/events:0
[  207166ms] [ERROR] Failed to load resource: net::ERR_CONNECTION_REFUSED @ http://localhost:9999/v1/events:0
[  239517ms] [ERROR] Failed to load resource: net::ERR_CONNECTION_REFUSED @ http://localhost:9999/v1/events:0
[  271864ms] [ERROR] Failed to load resource: net::ERR_CONNECTION_REFUSED @ http://localhost:9999/v1/events:0
[  304206ms] [ERROR] Failed to load resource: net::ERR_CONNECTION_REFUSED @ http://localhost:9999/v1/events:0
[  336520ms] [ERROR] Failed to load resource: net::ERR_CONNECTION_REFUSED @ http://localhost:9999/v1/events:0
[  368853ms] [ERROR] Failed to load resource: net::ERR_CONNECTION_REFUSED @ http://localhost:9999/v1/events:0
[  401189ms] [ERROR] Failed to load resource: net::ERR_CONNECTION_REFUSED @ http://localhost:9999/v1/events:0
[  433524ms] [ERROR] Failed to load resource: net::ERR_CONNECTION_REFUSED @ http://localhost:9999/v1/events:0
[  465874ms] [ERROR] Failed to load resource: net::ERR_CONNECTION_REFUSED @ http://localhost:9999/v1/events:0
[  498209ms] [ERROR] Failed to load resource: net::ERR_CONNECTION_REFUSED @ http://localhost:9999/v1/events:0
[  530544ms] [ERROR] Failed to load resource: net::ERR_CONNECTION_REFUSED @ http://localhost:9999/v1/events:0
[  562880ms] [ERROR] Failed to load resource: net::ERR_CONNECTION_REFUSED @ http://localhost:9999/v1/events:0
[  595226ms] [ERROR] Failed to load resource: net::ERR_CONNECTION_REFUSED @ http://localhost:9999/v1/events:0
[  627561ms] [ERROR] Failed to load resource: net::ERR_CONNECTION_REFUSED @ http://localhost:9999/v1/events:0
[  659894ms] [ERROR] Failed to load resource: net::ERR_CONNECTION_REFUSED @ http://localhost:9999/v1/events:0
[  692263ms] [ERROR] Failed to load resource: net::ERR_CONNECTION_REFUSED @ http://localhost:9999/v1/events:0
[  724599ms] [ERROR] Failed to load resource: net::ERR_CONNECTION_REFUSED @ http://localhost:9999/v1/events:0
[  756949ms] [ERROR] Failed to load resource: net::ERR_CONNECTION_REFUSED @ http://localhost:9999/v1/events:0
[  789300ms] [ERROR] Failed to load resource: net::ERR_CONNECTION_REFUSED @ http://localhost:9999/v1/events:0
[  821627ms] [ERROR] Failed to load resource: net::ERR_CONNECTION_REFUSED @ http://localhost:9999/v1/events:0
[  854002ms] [ERROR] Failed to load resource: net::ERR_CONNECTION_REFUSED @ http://localhost:9999/v1/events:0
[  886348ms] [ERROR] Failed to load resource: net::ERR_CONNECTION_REFUSED @ http://localhost:9999/v1/events:0
[  918688ms] [ERROR] Failed to load resource: net::ERR_CONNECTION_REFUSED @ http://localhost:9999/v1/events:0
[  951038ms] [ERROR] Failed to load resource: net::ERR_CONNECTION_REFUSED @ http://localhost:9999/v1/events:0
[  983399ms] [ERROR] Failed to load resource: net::ERR_CONNECTION_REFUSED @ http://localhost:9999/v1/events:0
[ 1015742ms] [ERROR] Failed to load resource: net::ERR_CONNECTION_REFUSED @ http://localhost:9999/v1/events:0
[ 1048077ms] [ERROR] Failed to load resource: net::ERR_CONNECTION_REFUSED @ http://localhost:9999/v1/events:0
[ 1080411ms] [ERROR] Failed to load resource: net::ERR_CONNECTION_REFUSED @ http://localhost:9999/v1/events:0
[ 1112758ms] [ERROR] Failed to load resource: net::ERR_CONNECTION_REFUSED @ http://localhost:9999/v1/events:0
[ 1145126ms] [ERROR] Failed to load resource: net::ERR_CONNECTION_REFUSED @ http://localhost:9999/v1/events:0
[ 1177452ms] [ERROR] Failed to load resource: net::ERR_CONNECTION_REFUSED @ http://localhost:9999/v1/events:0
[ 1209782ms] [ERROR] Failed to load resource: net::ERR_CONNECTION_REFUSED @ http://localhost:9999/v1/events:0
[ 1242117ms] [ERROR] Failed to load resource: net::ERR_CONNECTION_REFUSED @ http://localhost:9999/v1/events:0
[ 1274451ms] [ERROR] Failed to load resource: net::ERR_CONNECTION_REFUSED @ http://localhost:9999/v1/events:0
[ 1306799ms] [ERROR] Failed to load resource: net::ERR_CONNECTION_REFUSED @ http://localhost:9999/v1/events:0
[ 1339145ms] [ERROR] Failed to load resource: net::ERR_CONNECTION_REFUSED @ http://localhost:9999/v1/events:0
[ 1371487ms] [ERROR] Failed to load resource: net::ERR_CONNECTION_REFUSED @ http://localhost:9999/v1/events:0
[ 1403827ms] [ERROR] Failed to load resource: net::ERR_CONNECTION_REFUSED @ http://localhost:9999/v1/events:0
[ 1436167ms] [ERROR] Failed to load resource: net::ERR_CONNECTION_REFUSED @ http://localhost:9999/v1/events:0
[ 1468497ms] [ERROR] Failed to load resource: net::ERR_CONNECTION_REFUSED @ http://localhost:9999/v1/events:0
[ 1500842ms] [ERROR] Failed to load resource: net::ERR_CONNECTION_REFUSED @ http://localhost:9999/v1/events:0
[ 1533184ms] [ERROR] Failed to load resource: net::ERR_CONNECTION_REFUSED @ http://localhost:9999/v1/events:0
[ 1565526ms] [ERROR] Failed to load resource: net::ERR_CONNECTION_REFUSED @ http://localhost:9999/v1/events:0
[ 1597879ms] [ERROR] Failed to load resource: net::ERR_CONNECTION_REFUSED @ http://localhost:9999/v1/events:0
[ 1630212ms] [ERROR] Failed to load resource: net::ERR_CONNECTION_REFUSED @ http://localhost:9999/v1/events:0
[ 1662530ms] [ERROR] Failed to load resource: net::ERR_CONNECTION_REFUSED @ http://localhost:9999/v1/events:0
[ 1694869ms] [ERROR] Failed to load resource: net::ERR_CONNECTION_REFUSED @ http://localhost:9999/v1/events:0
[ 1727210ms] [ERROR] Failed to load resource: net::ERR_CONNECTION_REFUSED @ http://localhost:9999/v1/events:0
[ 1759549ms] [ERROR] Failed to load resource: net::ERR_CONNECTION_REFUSED @ http://localhost:9999/v1/events:0
[ 1791869ms] [ERROR] Failed to load resource: net::ERR_CONNECTION_REFUSED @ http://localhost:9999/v1/events:0
[ 1824187ms] [ERROR] Failed to load resource: net::ERR_CONNECTION_REFUSED @ http://localhost:9999/v1/events:0
[ 1856517ms] [ERROR] Failed to load resource: net::ERR_CONNECTION_REFUSED @ http://localhost:9999/v1/events:0
[ 1888853ms] [ERROR] Failed to load resource: net::ERR_CONNECTION_REFUSED @ http://localhost:9999/v1/events:0
[ 1921173ms] [ERROR] Failed to load resource: net::ERR_CONNECTION_REFUSED @ http://localhost:9999/v1/events:0
[ 1953490ms] [ERROR] Failed to load resource: net::ERR_CONNECTION_REFUSED @ http://localhost:9999/v1/events:0
[ 1985840ms] [ERROR] Failed to load resource: net::ERR_CONNECTION_REFUSED @ http://localhost:9999/v1/events:0
[ 2018172ms] [ERROR] Failed to load resource: net::ERR_CONNECTION_REFUSED @ http://localhost:9999/v1/events:0
[ 2050525ms] [ERROR] Failed to load resource: net::ERR_CONNECTION_REFUSED @ http://localhost:9999/v1/events:0
[ 2082888ms] [ERROR] Failed to load resource: net::ERR_CONNECTION_REFUSED @ http://localhost:9999/v1/events:0
[ 2115223ms] [ERROR] Failed to load resource: net::ERR_CONNECTION_REFUSED @ http://localhost:9999/v1/events:0
[ 2147575ms] [ERROR] Failed to load resource: net::ERR_CONNECTION_REFUSED @ http://localhost:9999/v1/events:0
[ 2179909ms] [ERROR] Failed to load resource: net::ERR_CONNECTION_REFUSED @ http://localhost:9999/v1/events:0
[ 2212243ms] [ERROR] Failed to load resource: net::ERR_CONNECTION_REFUSED @ http://localhost:9999/v1/events:0
[ 2244592ms] [ERROR] Failed to load resource: net::ERR_CONNECTION_REFUSED @ http://localhost:9999/v1/events:0
[ 2276928ms] [ERROR] Failed to load resource: net::ERR_CONNECTION_REFUSED @ http://localhost:9999/v1/events:0
[ 2309261ms] [ERROR] Failed to load resource: net::ERR_CONNECTION_REFUSED @ http://localhost:9999/v1/events:0
[ 2341610ms] [ERROR] Failed to load resource: net::ERR_CONNECTION_REFUSED @ http://localhost:9999/v1/events:0
[ 2373958ms] [ERROR] Failed to load resource: net::ERR_CONNECTION_REFUSED @ http://localhost:9999/v1/events:0
[ 2406312ms] [ERROR] Failed to load resource: net::ERR_CONNECTION_REFUSED @ http://localhost:9999/v1/events:0
[ 2438635ms] [ERROR] Failed to load resource: net::ERR_CONNECTION_REFUSED @ http://localhost:9999/v1/events:0
[ 2470990ms] [ERROR] Failed to load resource: net::ERR_CONNECTION_REFUSED @ http://localhost:9999/v1/events:0
[ 2503324ms] [ERROR] Failed to load resource: net::ERR_CONNECTION_REFUSED @ http://localhost:9999/v1/events:0
[ 2535674ms] [ERROR] Failed to load resource: net::ERR_CONNECTION_REFUSED @ http://localhost:9999/v1/events:0
[ 2568031ms] [ERROR] Failed to load resource: net::ERR_CONNECTION_REFUSED @ http://localhost:9999/v1/events:0
[ 2600365ms] [ERROR] Failed to load resource: net::ERR_CONNECTION_REFUSED @ http://localhost:9999/v1/events:0
[ 2632701ms] [ERROR] Failed to load resource: net::ERR_CONNECTION_REFUSED @ http://localhost:9999/v1/events:0
[ 2665031ms] [ERROR] Failed to load resource: net::ERR_CONNECTION_REFUSED @ http://localhost:9999/v1/events:0
[ 2697395ms] [ERROR] Failed to load resource: net::ERR_CONNECTION_REFUSED @ http://localhost:9999/v1/events:0
[ 2729732ms] [ERROR] Failed to load resource: net::ERR_CONNECTION_REFUSED @ http://localhost:9999/v1/events:0
[ 2762100ms] [ERROR] Failed to load resource: net::ERR_CONNECTION_REFUSED @ http://localhost:9999/v1/events:0
[ 2794433ms] [ERROR] Failed to load resource: net::ERR_CONNECTION_REFUSED @ http://localhost:9999/v1/events:0
[ 2826784ms] [ERROR] Failed to load resource: net::ERR_CONNECTION_REFUSED @ http://localhost:9999/v1/events:0
[ 2859120ms] [ERROR] Failed to load resource: net::ERR_CONNECTION_REFUSED @ http://localhost:9999/v1/events:0
[ 2891457ms] [ERROR] Failed to load resource: net::ERR_CONNECTION_REFUSED @ http://localhost:9999/v1/events:0
[ 2923818ms] [ERROR] Failed to load resource: net::ERR_CONNECTION_REFUSED @ http://localhost:9999/v1/events:0
[ 2956156ms] [ERROR] Failed to load resource: net::ERR_CONNECTION_REFUSED @ http://localhost:9999/v1/events:0
[ 2988490ms] [ERROR] Failed to load resource: net::ERR_CONNECTION_REFUSED @ http://localhost:9999/v1/events:0
[ 3020830ms] [ERROR] Failed to load resource: net::ERR_CONNECTION_REFUSED @ http://localhost:9999/v1/events:0
[ 3053161ms] [ERROR] Failed to load resource: net::ERR_CONNECTION_REFUSED @ http://localhost:9999/v1/events:0
[ 3085495ms] [ERROR] Failed to load resource: net::ERR_CONNECTION_REFUSED @ http://localhost:9999/v1/events:0
[ 3117812ms] [ERROR] Failed to load resource: net::ERR_CONNECTION_REFUSED @ http://localhost:9999/v1/events:0
[ 3150177ms] [ERROR] Failed to load resource: net::ERR_CONNECTION_REFUSED @ http://localhost:9999/v1/events:0
[ 3182547ms] [ERROR] Failed to load resource: net::ERR_CONNECTION_REFUSED @ http://localhost:9999/v1/events:0
[ 3214903ms] [ERROR] Failed to load resource: net::ERR_CONNECTION_REFUSED @ http://localhost:9999/v1/events:0
[ 3247260ms] [ERROR] Failed to load resource: net::ERR_CONNECTION_REFUSED @ http://localhost:9999/v1/events:0
[ 3279581ms] [ERROR] Failed to load resource: net::ERR_CONNECTION_REFUSED @ http://localhost:9999/v1/events:0
[ 3311901ms] [ERROR] Failed to load resource: net::ERR_CONNECTION_REFUSED @ http://localhost:9999/v1/events:0
[ 3344230ms] [ERROR] Failed to load resource: net::ERR_CONNECTION_REFUSED @ http://localhost:9999/v1/events:0
[ 3376588ms] [ERROR] Failed to load resource: net::ERR_CONNECTION_REFUSED @ http://localhost:9999/v1/events:0
[ 3408921ms] [ERROR] Failed to load resource: net::ERR_CONNECTION_REFUSED @ http://localhost:9999/v1/events:0
[ 3441264ms] [ERROR] Failed to load resource: net::ERR_CONNECTION_REFUSED @ http://localhost:9999/v1/events:0
[ 3473604ms] [ERROR] Failed to load resource: net::ERR_CONNECTION_REFUSED @ http://localhost:9999/v1/events:0
[ 3505941ms] [ERROR] Failed to load resource: net::ERR_CONNECTION_REFUSED @ http://localhost:9999/v1/events:0
[ 3538332ms] [ERROR] Failed to load resource: net::ERR_CONNECTION_REFUSED @ http://localhost:9999/v1/events:0
[ 3570659ms] [ERROR] Failed to load resource: net::ERR_CONNECTION_REFUSED @ http://localhost:9999/v1/events:0
[ 3602995ms] [ERROR] Failed to load resource: net::ERR_CONNECTION_REFUSED @ http://localhost:9999/v1/events:0
[ 3635330ms] [ERROR] Failed to load resource: net::ERR_CONNECTION_REFUSED @ http://localhost:9999/v1/events:0
[ 3667679ms] [ERROR] Failed to load resource: net::ERR_CONNECTION_REFUSED @ http://localhost:9999/v1/events:0
[ 3700023ms] [ERROR] Failed to load resource: net::ERR_CONNECTION_REFUSED @ http://localhost:9999/v1/events:0
[ 3732399ms] [ERROR] Failed to load resource: net::ERR_CONNECTION_REFUSED @ http://localhost:9999/v1/events:0
[ 3764764ms] [ERROR] Failed to load resource: net::ERR_CONNECTION_REFUSED @ http://localhost:9999/v1/events:0
[ 3797112ms] [ERROR] Failed to load resource: net::ERR_CONNECTION_REFUSED @ http://localhost:9999/v1/events:0
[ 3829465ms] [ERROR] Failed to load resource: net::ERR_CONNECTION_REFUSED @ http://localhost:9999/v1/events:0
[ 3861804ms] [ERROR] Failed to load resource: net::ERR_CONNECTION_REFUSED @ http://localhost:9999/v1/events:0
[ 3894171ms] [ERROR] Failed to load resource: net::ERR_CONNECTION_REFUSED @ http://localhost:9999/v1/events:0
[ 3926522ms] [ERROR] Failed to load resource: net::ERR_CONNECTION_REFUSED @ http://localhost:9999/v1/events:0
[ 3958843ms] [ERROR] Failed to load resource: net::ERR_CONNECTION_REFUSED @ http://localhost:9999/v1/events:0
[ 3991189ms] [ERROR] Failed to load resource: net::ERR_CONNECTION_REFUSED @ http://localhost:9999/v1/events:0
[ 4023542ms] [ERROR] Failed to load resource: net::ERR_CONNECTION_REFUSED @ http://localhost:9999/v1/events:0
[ 4055875ms] [ERROR] Failed to load resource: net::ERR_CONNECTION_REFUSED @ http://localhost:9999/v1/events:0
[ 4088194ms] [ERROR] Failed to load resource: net::ERR_CONNECTION_REFUSED @ http://localhost:9999/v1/events:0
[ 4120557ms] [ERROR] Failed to load resource: net::ERR_CONNECTION_REFUSED @ http://localhost:9999/v1/events:0
[ 4151601ms] [ERROR] Failed to load resource: net::ERR_NETWORK_CHANGED @ http://localhost:9999/v1/events:0
[ 4183946ms] [ERROR] Failed to load resource: net::ERR_CONNECTION_REFUSED @ http://localhost:9999/v1/events:0
[ 4216281ms] [ERROR] Failed to load resource: net::ERR_CONNECTION_REFUSED @ http://localhost:9999/v1/events:0
[ 4248610ms] [ERROR] Failed to load resource: net::ERR_CONNECTION_REFUSED @ http://localhost:9999/v1/events:0
[ 4280967ms] [ERROR] Failed to load resource: net::ERR_CONNECTION_REFUSED @ http://localhost:9999/v1/events:0
[ 4313317ms] [ERROR] Failed to load resource: net::ERR_CONNECTION_REFUSED @ http://localhost:9999/v1/events:0
[ 4345664ms] [ERROR] Failed to load resource: net::ERR_CONNECTION_REFUSED @ http://localhost:9999/v1/events:0
[ 4378014ms] [ERROR] Failed to load resource: net::ERR_CONNECTION_REFUSED @ http://localhost:9999/v1/events:0
[ 4410374ms] [ERROR] Failed to load resource: net::ERR_CONNECTION_REFUSED @ http://localhost:9999/v1/events:0
[ 4442706ms] [ERROR] Failed to load resource: net::ERR_CONNECTION_REFUSED @ http://localhost:9999/v1/events:0
[ 4475072ms] [ERROR] Failed to load resource: net::ERR_CONNECTION_REFUSED @ http://localhost:9999/v1/events:0
[ 4507408ms] [ERROR] Failed to load resource: net::ERR_CONNECTION_REFUSED @ http://localhost:9999/v1/events:0
[ 4539787ms] [ERROR] Failed to load resource: net::ERR_CONNECTION_REFUSED @ http://localhost:9999/v1/events:0
[ 4572125ms] [ERROR] Failed to load resource: net::ERR_CONNECTION_REFUSED @ http://localhost:9999/v1/events:0
[ 4604444ms] [ERROR] Failed to load resource: net::ERR_CONNECTION_REFUSED @ http://localhost:9999/v1/events:0
[ 4636763ms] [ERROR] Failed to load resource: net::ERR_CONNECTION_REFUSED @ http://localhost:9999/v1/events:0
[ 4669140ms] [ERROR] Failed to load resource: net::ERR_CONNECTION_REFUSED @ http://localhost:9999/v1/events:0
[ 4701503ms] [ERROR] Failed to load resource: net::ERR_CONNECTION_REFUSED @ http://localhost:9999/v1/events:0
[ 4733830ms] [ERROR] Failed to load resource: net::ERR_CONNECTION_REFUSED @ http://localhost:9999/v1/events:0
[ 4766184ms] [ERROR] Failed to load resource: net::ERR_CONNECTION_REFUSED @ http://localhost:9999/v1/events:0
[ 4798522ms] [ERROR] Failed to load resource: net::ERR_CONNECTION_REFUSED @ http://localhost:9999/v1/events:0
[ 4830870ms] [ERROR] Failed to load resource: net::ERR_CONNECTION_REFUSED @ http://localhost:9999/v1/events:0
[ 4863215ms] [ERROR] Failed to load resource: net::ERR_CONNECTION_REFUSED @ http://localhost:9999/v1/events:0
[ 4895533ms] [ERROR] Failed to load resource: net::ERR_CONNECTION_REFUSED @ http://localhost:9999/v1/events:0
[ 4927867ms] [ERROR] Failed to load resource: net::ERR_CONNECTION_REFUSED @ http://localhost:9999/v1/events:0
[ 4960202ms] [ERROR] Failed to load resource: net::ERR_CONNECTION_REFUSED @ http://localhost:9999/v1/events:0
[ 4992550ms] [ERROR] Failed to load resource: net::ERR_CONNECTION_REFUSED @ http://localhost:9999/v1/events:0
[ 5024888ms] [ERROR] Failed to load resource: net::ERR_CONNECTION_REFUSED @ http://localhost:9999/v1/events:0
[ 5057223ms] [ERROR] Failed to load resource: net::ERR_CONNECTION_REFUSED @ http://localhost:9999/v1/events:0
[ 5089574ms] [ERROR] Failed to load resource: net::ERR_CONNECTION_REFUSED @ http://localhost:9999/v1/events:0
[ 5121913ms] [ERROR] Failed to load resource: net::ERR_CONNECTION_REFUSED @ http://localhost:9999/v1/events:0
[ 5154262ms] [ERROR] Failed to load resource: net::ERR_CONNECTION_REFUSED @ http://localhost:9999/v1/events:0
[ 5169514ms] [ERROR] Warning: findDOMNode is deprecated and will be removed in the next major release. Instead, add a ref directly to the element you want to reference. Learn more about using refs safely here: https://reactjs.org/link/strict-mode-find-node%s 
    at a
    at LinkWithRef (http://localhost:3000/static/js/bundle.js:94213:7)
    at ButtonBase (http://localhost:3000/static/js/bundle.js:9401:22)
    at WithStyles (http://localhost:3000/static/js/bundle.js:29616:31)
    at Button (http://localhost:3000/static/js/bundle.js:9179:24)
    at WithStyles (http://localhost:3000/static/js/bundle.js:29616:31)
    at div
    at div
    at Toolbar (http://localhost:3000/static/js/bundle.js:24293:23)
    at WithStyles (http://localhost:3000/static/js/bundle.js:29616:31)
    at header
    at Paper (http://localhost:3000/static/js/bundle.js:19902:23)
    at WithStyles (http://localhost:3000/static/js/bundle.js:29616:31)
    at AppBar (http://localhost:3000/static/js/bundle.js:8475:23)
    at WithStyles (http://localhost:3000/static/js/bundle.js:29616:31)
    at Topbar (http://localhost:3000/static/js/bundle.js:6008:3)
    at WithStyles (http://localhost:3000/static/js/bundle.js:29616:31)
    at ConnectFunction (http://localhost:3000/static/js/bundle.js:108747:103)
    at Router (http://localhost:3000/static/js/bundle.js:96194:15)
    at BrowserRouter (http://localhost:3000/static/js/bundle.js:94095:5)
    at ThemeProvider (http://localhost:3000/static/js/bundle.js:28711:24)
    at Theme (http://localhost:3000/static/js/bundle.js:7533:3)
    at ConnectFunction (http://localhost:3000/static/js/bundle.js:108747:103)
    at App (http://localhost:3000/static/js/bundle.js:387:72)
    at Provider (http://localhost:3000/static/js/bundle.js:108898:5) @ http://localhost:3000/static/js/bundle.js:66399
[ 5169517ms] [WARNING] ⚠️ React Router Future Flag Warning: React Router will begin wrapping state updates in `React.startTransition` in v7. You can use the `v7_startTransition` future flag to opt-in early. For more information, see https://reactrouter.com/v6/upgrading/future#v7_starttransition. @ http://localhost:3000/static/js/bundle.js:95942
[ 5169517ms] [WARNING] ⚠️ React Router Future Flag Warning: Relative route resolution within Splat routes is changing in v7. You can use the `v7_relativeSplatPath` future flag to opt-in early. For more information, see https://reactrouter.com/v6/upgrading/future#v7_relativesplatpath. @ http://localhost:3000/static/js/bundle.js:95942
[ 5171876ms] [ERROR] Failed to load resource: net::ERR_CONNECTION_REFUSED @ http://localhost:9999/v1/events:0
[ 5175207ms] [ERROR] Failed to load resource: net::ERR_CONNECTION_REFUSED @ http://localhost:9999/v1/events:0
[ 5179530ms] [ERROR] Failed to load resource: net::ERR_CONNECTION_REFUSED @ http://localhost:9999/v1/events:0
[ 5185879ms] [ERROR] Failed to load resource: net::ERR_CONNECTION_REFUSED @ http://localhost:9999/v1/events:0
[ 5196213ms] [ERROR] Failed to load resource: net::ERR_CONNECTION_REFUSED @ http://localhost:9999/v1/events:0
[ 5214564ms] [ERROR] Failed to load resource: net::ERR_CONNECTION_REFUSED @ http://localhost:9999/v1/events:0
[ 5246931ms] [ERROR] Failed to load resource: net::ERR_CONNECTION_REFUSED @ http://localhost:9999/v1/events:0
[ 5279260ms] [ERROR] Failed to load resource: net::ERR_CONNECTION_REFUSED @ http://localhost:9999/v1/events:0
[ 5311602ms] [ERROR] Failed to load resource: net::ERR_CONNECTION_REFUSED @ http://localhost:9999/v1/events:0
[ 5343968ms] [ERROR] Failed to load resource: net::ERR_CONNECTION_REFUSED @ http://localhost:9999/v1/events:0
[ 5376295ms] [ERROR] Failed to load resource: net::ERR_CONNECTION_REFUSED @ http://localhost:9999/v1/events:0
[ 5408638ms] [ERROR] Failed to load resource: net::ERR_CONNECTION_REFUSED @ http://localhost:9999/v1/events:0
[ 5440990ms] [ERROR] Failed to load resource: net::ERR_CONNECTION_REFUSED @ http://localhost:9999/v1/events:0
[ 5473344ms] [ERROR] Failed to load resource: net::ERR_CONNECTION_REFUSED @ http://localhost:9999/v1/events:0
[ 5505689ms] [ERROR] Failed to load resource: net::ERR_CONNECTION_REFUSED @ http://localhost:9999/v1/events:0
[ 5538024ms] [ERROR] Failed to load resource: net::ERR_CONNECTION_REFUSED @ http://localhost:9999/v1/events:0
[ 5570373ms] [ERROR] Failed to load resource: net::ERR_CONNECTION_REFUSED @ http://localhost:9999/v1/events:0
[ 5602731ms] [ERROR] Failed to load resource: net::ERR_CONNECTION_REFUSED @ http://localhost:9999/v1/events:0
[ 5635078ms] [ERROR] Failed to load resource: net::ERR_CONNECTION_REFUSED @ http://localhost:9999/v1/events:0
[ 5667431ms] [ERROR] Failed to load resource: net::ERR_CONNECTION_REFUSED @ http://localhost:9999/v1/events:0
[ 5683768ms] [ERROR] Warning: findDOMNode is deprecated and will be removed in the next major release. Instead, add a ref directly to the element you want to reference. Learn more about using refs safely here: https://reactjs.org/link/strict-mode-find-node%s 
    at a
    at LinkWithRef (http://localhost:3000/static/js/bundle.js:94213:7)
    at ButtonBase (http://localhost:3000/static/js/bundle.js:9401:22)
    at WithStyles (http://localhost:3000/static/js/bundle.js:29616:31)
    at Button (http://localhost:3000/static/js/bundle.js:9179:24)
    at WithStyles (http://localhost:3000/static/js/bundle.js:29616:31)
    at div
    at div
    at Toolbar (http://localhost:3000/static/js/bundle.js:24293:23)
    at WithStyles (http://localhost:3000/static/js/bundle.js:29616:31)
    at header
    at Paper (http://localhost:3000/static/js/bundle.js:19902:23)
    at WithStyles (http://localhost:3000/static/js/bundle.js:29616:31)
    at AppBar (http://localhost:3000/static/js/bundle.js:8475:23)
    at WithStyles (http://localhost:3000/static/js/bundle.js:29616:31)
    at Topbar (http://localhost:3000/static/js/bundle.js:6008:3)
    at WithStyles (http://localhost:3000/static/js/bundle.js:29616:31)
    at ConnectFunction (http://localhost:3000/static/js/bundle.js:108747:103)
    at Router (http://localhost:3000/static/js/bundle.js:96194:15)
    at BrowserRouter (http://localhost:3000/static/js/bundle.js:94095:5)
    at ThemeProvider (http://localhost:3000/static/js/bundle.js:28711:24)
    at Theme (http://localhost:3000/static/js/bundle.js:7533:3)
    at ConnectFunction (http://localhost:3000/static/js/bundle.js:108747:103)
    at App (http://localhost:3000/static/js/bundle.js:387:72)
    at Provider (http://localhost:3000/static/js/bundle.js:108898:5) @ http://localhost:3000/static/js/bundle.js:66399
[ 5683770ms] [WARNING] ⚠️ React Router Future Flag Warning: React Router will begin wrapping state updates in `React.startTransition` in v7. You can use the `v7_startTransition` future flag to opt-in early. For more information, see https://reactrouter.com/v6/upgrading/future#v7_starttransition. @ http://localhost:3000/static/js/bundle.js:95942
[ 5683770ms] [WARNING] ⚠️ React Router Future Flag Warning: Relative route resolution within Splat routes is changing in v7. You can use the `v7_relativeSplatPath` future flag to opt-in early. For more information, see https://reactrouter.com/v6/upgrading/future#v7_relativesplatpath. @ http://localhost:3000/static/js/bundle.js:95942
[ 5686112ms] [ERROR] Failed to load resource: net::ERR_CONNECTION_REFUSED @ http://localhost:9999/v1/events:0
[ 5689447ms] [ERROR] Failed to load resource: net::ERR_CONNECTION_REFUSED @ http://localhost:9999/v1/events:0
[ 5693797ms] [ERROR] Failed to load resource: net::ERR_CONNECTION_REFUSED @ http://localhost:9999/v1/events:0
[ 5700148ms] [ERROR] Failed to load resource: net::ERR_CONNECTION_REFUSED @ http://localhost:9999/v1/events:0
[ 5700667ms] [ERROR] Warning: findDOMNode is deprecated and will be removed in the next major release. Instead, add a ref directly to the element you want to reference. Learn more about using refs safely here: https://reactjs.org/link/strict-mode-find-node%s 
    at a
    at LinkWithRef (http://localhost:3000/static/js/bundle.js:94213:7)
    at ButtonBase (http://localhost:3000/static/js/bundle.js:9401:22)
    at WithStyles (http://localhost:3000/static/js/bundle.js:29616:31)
    at Button (http://localhost:3000/static/js/bundle.js:9179:24)
    at WithStyles (http://localhost:3000/static/js/bundle.js:29616:31)
    at div
    at div
    at Toolbar (http://localhost:3000/static/js/bundle.js:24293:23)
    at WithStyles (http://localhost:3000/static/js/bundle.js:29616:31)
    at header
    at Paper (http://localhost:3000/static/js/bundle.js:19902:23)
    at WithStyles (http://localhost:3000/static/js/bundle.js:29616:31)
    at AppBar (http://localhost:3000/static/js/bundle.js:8475:23)
    at WithStyles (http://localhost:3000/static/js/bundle.js:29616:31)
    at Topbar (http://localhost:3000/static/js/bundle.js:6008:3)
    at WithStyles (http://localhost:3000/static/js/bundle.js:29616:31)
    at ConnectFunction (http://localhost:3000/static/js/bundle.js:108747:103)
    at Router (http://localhost:3000/static/js/bundle.js:96194:15)
    at BrowserRouter (http://localhost:3000/static/js/bundle.js:94095:5)
    at ThemeProvider (http://localhost:3000/static/js/bundle.js:28711:24)
    at Theme (http://localhost:3000/static/js/bundle.js:7533:3)
    at ConnectFunction (http://localhost:3000/static/js/bundle.js:108747:103)
    at App (http://localhost:3000/static/js/bundle.js:387:72)
    at Provider (http://localhost:3000/static/js/bundle.js:108898:5) @ http://localhost:3000/static/js/bundle.js:66399
[ 5700670ms] [WARNING] ⚠️ React Router Future Flag Warning: React Router will begin wrapping state updates in `React.startTransition` in v7. You can use the `v7_startTransition` future flag to opt-in early. For more information, see https://reactrouter.com/v6/upgrading/future#v7_starttransition. @ http://localhost:3000/static/js/bundle.js:95942
[ 5700670ms] [WARNING] ⚠️ React Router Future Flag Warning: Relative route resolution within Splat routes is changing in v7. You can use the `v7_relativeSplatPath` future flag to opt-in early. For more information, see https://reactrouter.com/v6/upgrading/future#v7_relativesplatpath. @ http://localhost:3000/static/js/bundle.js:95942
[ 5703014ms] [ERROR] Failed to load resource: net::ERR_CONNECTION_REFUSED @ http://localhost:9999/v1/events:0
[ 5706347ms] [ERROR] Failed to load resource: net::ERR_CONNECTION_REFUSED @ http://localhost:9999/v1/events:0
[ 5710697ms] [ERROR] Failed to load resource: net::ERR_CONNECTION_REFUSED @ http://localhost:9999/v1/events:0
[ 5717051ms] [ERROR] Failed to load resource: net::ERR_CONNECTION_REFUSED @ http://localhost:9999/v1/events:0
[ 5727396ms] [ERROR] Failed to load resource: net::ERR_CONNECTION_REFUSED @ http://localhost:9999/v1/events:0
[ 5745775ms] [ERROR] Failed to load resource: net::ERR_CONNECTION_REFUSED @ http://localhost:9999/v1/events:0
[ 5778129ms] [ERROR] Failed to load resource: net::ERR_CONNECTION_REFUSED @ http://localhost:9999/v1/events:0
[ 5809708ms] [ERROR] Warning: findDOMNode is deprecated and will be removed in the next major release. Instead, add a ref directly to the element you want to reference. Learn more about using refs safely here: https://reactjs.org/link/strict-mode-find-node%s 
    at a
    at LinkWithRef (http://localhost:3000/static/js/bundle.js:94462:7)
    at ButtonBase (http://localhost:3000/static/js/bundle.js:9650:22)
    at WithStyles (http://localhost:3000/static/js/bundle.js:29865:31)
    at Button (http://localhost:3000/static/js/bundle.js:9428:24)
    at WithStyles (http://localhost:3000/static/js/bundle.js:29865:31)
    at div
    at div
    at Toolbar (http://localhost:3000/static/js/bundle.js:24542:23)
    at WithStyles (http://localhost:3000/static/js/bundle.js:29865:31)
    at header
    at Paper (http://localhost:3000/static/js/bundle.js:20151:23)
    at WithStyles (http://localhost:3000/static/js/bundle.js:29865:31)
    at AppBar (http://localhost:3000/static/js/bundle.js:8724:23)
    at WithStyles (http://localhost:3000/static/js/bundle.js:29865:31)
    at Topbar (http://localhost:3000/static/js/bundle.js:5967:3)
    at WithStyles (http://localhost:3000/static/js/bundle.js:29865:31)
    at ConnectFunction (http://localhost:3000/static/js/bundle.js:108996:103)
    at Router (http://localhost:3000/static/js/bundle.js:96443:15)
    at BrowserRouter (http://localhost:3000/static/js/bundle.js:94344:5)
    at ThemeProvider (http://localhost:3000/static/js/bundle.js:28960:24)
    at Theme (http://localhost:3000/static/js/bundle.js:7446:3)
    at App (http://localhost:3000/static/js/bundle.js:387:72)
    at Provider (http://localhost:3000/static/js/bundle.js:109147:5) @ http://localhost:3000/static/js/bundle.js:66648
[ 5809711ms] [WARNING] ⚠️ React Router Future Flag Warning: React Router will begin wrapping state updates in `React.startTransition` in v7. You can use the `v7_startTransition` future flag to opt-in early. For more information, see https://reactrouter.com/v6/upgrading/future#v7_starttransition. @ http://localhost:3000/static/js/bundle.js:96191
[ 5809711ms] [WARNING] ⚠️ React Router Future Flag Warning: Relative route resolution within Splat routes is changing in v7. You can use the `v7_relativeSplatPath` future flag to opt-in early. For more information, see https://reactrouter.com/v6/upgrading/future#v7_relativesplatpath. @ http://localhost:3000/static/js/bundle.js:96191
[ 5810484ms] [ERROR] Failed to load resource: net::ERR_CONNECTION_REFUSED @ http://localhost:9999/v1/events:0
[ 5812051ms] [ERROR] Failed to load resource: net::ERR_CONNECTION_REFUSED @ http://localhost:9999/v1/events:0
[ 5816398ms] [ERROR] Failed to load resource: net::ERR_CONNECTION_REFUSED @ http://localhost:9999/v1/events:0
[ 5822738ms] [ERROR] Failed to load resource: net::ERR_CONNECTION_REFUSED @ http://localhost:9999/v1/events:0
[ 5833102ms] [ERROR] Failed to load resource: net::ERR_CONNECTION_REFUSED @ http://localhost:9999/v1/events:0
[ 5851448ms] [ERROR] Failed to load resource: net::ERR_CONNECTION_REFUSED @ http://localhost:9999/v1/events:0
[ 5883786ms] [ERROR] Failed to load resource: net::ERR_CONNECTION_REFUSED @ http://localhost:9999/v1/events:0
[ 5916137ms] [ERROR] Failed to load resource: net::ERR_CONNECTION_REFUSED @ http://localhost:9999/v1/events:0
[ 5948470ms] [ERROR] Failed to load resource: net::ERR_CONNECTION_REFUSED @ http://localhost:9999/v1/events:0
[ 5980805ms] [ERROR] Failed to load resource: net::ERR_CONNECTION_REFUSED @ http://localhost:9999/v1/events:0
[ 6013158ms] [ERROR] Failed to load resource: net::ERR_CONNECTION_REFUSED @ http://localhost:9999/v1/events:0
[ 6045506ms] [ERROR] Failed to load resource: net::ERR_CONNECTION_REFUSED @ http://localhost:9999/v1/events:0
[ 6077874ms] [ERROR] Failed to load resource: net::ERR_CONNECTION_REFUSED @ http://localhost:9999/v1/events:0
[ 6107026ms] [ERROR] Warning: findDOMNode is deprecated and will be removed in the next major release. Instead, add a ref directly to the element you want to reference. Learn more about using refs safely here: https://reactjs.org/link/strict-mode-find-node%s 
    at a
    at LinkWithRef (http://localhost:3000/static/js/bundle.js:94425:7)
    at ButtonBase (http://localhost:3000/static/js/bundle.js:9613:22)
    at WithStyles (http://localhost:3000/static/js/bundle.js:29828:31)
    at Button (http://localhost:3000/static/js/bundle.js:9391:24)
    at WithStyles (http://localhost:3000/static/js/bundle.js:29828:31)
    at div
    at div
    at Toolbar (http://localhost:3000/static/js/bundle.js:24505:23)
    at WithStyles (http://localhost:3000/static/js/bundle.js:29828:31)
    at header
    at Paper (http://localhost:3000/static/js/bundle.js:20114:23)
    at WithStyles (http://localhost:3000/static/js/bundle.js:29828:31)
    at AppBar (http://localhost:3000/static/js/bundle.js:8687:23)
    at WithStyles (http://localhost:3000/static/js/bundle.js:29828:31)
    at Topbar (http://localhost:3000/static/js/bundle.js:5930:3)
    at WithStyles (http://localhost:3000/static/js/bundle.js:29828:31)
    at ConnectFunction (http://localhost:3000/static/js/bundle.js:108959:103)
    at Router (http://localhost:3000/static/js/bundle.js:96406:15)
    at BrowserRouter (http://localhost:3000/static/js/bundle.js:94307:5)
    at ThemeProvider (http://localhost:3000/static/js/bundle.js:28923:24)
    at Theme (http://localhost:3000/static/js/bundle.js:7409:3)
    at App (http://localhost:3000/static/js/bundle.js:387:72)
    at Provider (http://localhost:3000/static/js/bundle.js:109110:5) @ http://localhost:3000/static/js/bundle.js:66611
[ 6107029ms] [WARNING] ⚠️ React Router Future Flag Warning: React Router will begin wrapping state updates in `React.startTransition` in v7. You can use the `v7_startTransition` future flag to opt-in early. For more information, see https://reactrouter.com/v6/upgrading/future#v7_starttransition. @ http://localhost:3000/static/js/bundle.js:96154
[ 6107029ms] [WARNING] ⚠️ React Router Future Flag Warning: Relative route resolution within Splat routes is changing in v7. You can use the `v7_relativeSplatPath` future flag to opt-in early. For more information, see https://reactrouter.com/v6/upgrading/future#v7_relativesplatpath. @ http://localhost:3000/static/js/bundle.js:96154
[ 6109377ms] [ERROR] Failed to load resource: net::ERR_CONNECTION_REFUSED @ http://localhost:9999/v1/events:0
[ 6112694ms] [ERROR] Failed to load resource: net::ERR_CONNECTION_REFUSED @ http://localhost:9999/v1/events:0
[ 6117037ms] [ERROR] Failed to load resource: net::ERR_CONNECTION_REFUSED @ http://localhost:9999/v1/events:0
[ 6123404ms] [ERROR] Failed to load resource: net::ERR_CONNECTION_REFUSED @ http://localhost:9999/v1/events:0
[ 6133743ms] [ERROR] Failed to load resource: net::ERR_CONNECTION_REFUSED @ http://localhost:9999/v1/events:0
[ 6152079ms] [ERROR] Failed to load resource: net::ERR_CONNECTION_REFUSED @ http://localhost:9999/v1/events:0
[ 6179737ms] [ERROR] Warning: findDOMNode is deprecated and will be removed in the next major release. Instead, add a ref directly to the element you want to reference. Learn more about using refs safely here: https://reactjs.org/link/strict-mode-find-node%s 
    at a
    at LinkWithRef (http://localhost:3000/static/js/bundle.js:94425:7)
    at ButtonBase (http://localhost:3000/static/js/bundle.js:9613:22)
    at WithStyles (http://localhost:3000/static/js/bundle.js:29828:31)
    at Button (http://localhost:3000/static/js/bundle.js:9391:24)
    at WithStyles (http://localhost:3000/static/js/bundle.js:29828:31)
    at div
    at div
    at Toolbar (http://localhost:3000/static/js/bundle.js:24505:23)
    at WithStyles (http://localhost:3000/static/js/bundle.js:29828:31)
    at header
    at Paper (http://localhost:3000/static/js/bundle.js:20114:23)
    at WithStyles (http://localhost:3000/static/js/bundle.js:29828:31)
    at AppBar (http://localhost:3000/static/js/bundle.js:8687:23)
    at WithStyles (http://localhost:3000/static/js/bundle.js:29828:31)
    at Topbar (http://localhost:3000/static/js/bundle.js:5930:3)
    at WithStyles (http://localhost:3000/static/js/bundle.js:29828:31)
    at ConnectFunction (http://localhost:3000/static/js/bundle.js:108959:103)
    at Router (http://localhost:3000/static/js/bundle.js:96406:15)
    at BrowserRouter (http://localhost:3000/static/js/bundle.js:94307:5)
    at ThemeProvider (http://localhost:3000/static/js/bundle.js:28923:24)
    at Theme (http://localhost:3000/static/js/bundle.js:7409:3)
    at App (http://localhost:3000/static/js/bundle.js:387:72)
    at Provider (http://localhost:3000/static/js/bundle.js:109110:5) @ http://localhost:3000/static/js/bundle.js:66611
[ 6179739ms] [WARNING] ⚠️ React Router Future Flag Warning: React Router will begin wrapping state updates in `React.startTransition` in v7. You can use the `v7_startTransition` future flag to opt-in early. For more information, see https://reactrouter.com/v6/upgrading/future#v7_starttransition. @ http://localhost:3000/static/js/bundle.js:96154
[ 6179739ms] [WARNING] ⚠️ React Router Future Flag Warning: Relative route resolution within Splat routes is changing in v7. You can use the `v7_relativeSplatPath` future flag to opt-in early. For more information, see https://reactrouter.com/v6/upgrading/future#v7_relativesplatpath. @ http://localhost:3000/static/js/bundle.js:96154
[ 6182080ms] [ERROR] Failed to load resource: net::ERR_CONNECTION_REFUSED @ http://localhost:9999/v1/events:0
[ 6185430ms] [ERROR] Failed to load resource: net::ERR_CONNECTION_REFUSED @ http://localhost:9999/v1/events:0
[ 6189780ms] [ERROR] Failed to load resource: net::ERR_CONNECTION_REFUSED @ http://localhost:9999/v1/events:0
[ 6196112ms] [ERROR] Failed to load resource: net::ERR_CONNECTION_REFUSED @ http://localhost:9999/v1/events:0
[ 6206455ms] [ERROR] Failed to load resource: net::ERR_CONNECTION_REFUSED @ http://localhost:9999/v1/events:0
[ 6224798ms] [ERROR] Failed to load resource: net::ERR_CONNECTION_REFUSED @ http://localhost:9999/v1/events:0
[ 6257141ms] [ERROR] Failed to load resource: net::ERR_CONNECTION_REFUSED @ http://localhost:9999/v1/events:0
[ 6289513ms] [ERROR] Failed to load resource: net::ERR_CONNECTION_REFUSED @ http://localhost:9999/v1/events:0
[ 6321840ms] [ERROR] Failed to load resource: net::ERR_CONNECTION_REFUSED @ http://localhost:9999/v1/events:0
[ 6358657ms] [ERROR] Failed to load resource: net::ERR_CONNECTION_REFUSED @ http://localhost:9999/v1/events:0
[ 6359223ms] [ERROR] Warning: findDOMNode is deprecated and will be removed in the next major release. Instead, add a ref directly to the element you want to reference. Learn more about using refs safely here: https://reactjs.org/link/strict-mode-find-node%s 
    at a
    at LinkWithRef (http://localhost:3000/static/js/bundle.js:94425:7)
    at ButtonBase (http://localhost:3000/static/js/bundle.js:9613:22)
    at WithStyles (http://localhost:3000/static/js/bundle.js:29828:31)
    at Button (http://localhost:3000/static/js/bundle.js:9391:24)
    at WithStyles (http://localhost:3000/static/js/bundle.js:29828:31)
    at div
    at div
    at Toolbar (http://localhost:3000/static/js/bundle.js:24505:23)
    at WithStyles (http://localhost:3000/static/js/bundle.js:29828:31)
    at header
    at Paper (http://localhost:3000/static/js/bundle.js:20114:23)
    at WithStyles (http://localhost:3000/static/js/bundle.js:29828:31)
    at AppBar (http://localhost:3000/static/js/bundle.js:8687:23)
    at WithStyles (http://localhost:3000/static/js/bundle.js:29828:31)
    at Topbar (http://localhost:3000/static/js/bundle.js:5930:3)
    at WithStyles (http://localhost:3000/static/js/bundle.js:29828:31)
    at ConnectFunction (http://localhost:3000/static/js/bundle.js:108959:103)
    at Router (http://localhost:3000/static/js/bundle.js:96406:15)
    at BrowserRouter (http://localhost:3000/static/js/bundle.js:94307:5)
    at ThemeProvider (http://localhost:3000/static/js/bundle.js:28923:24)
    at Theme (http://localhost:3000/static/js/bundle.js:7409:3)
    at App (http://localhost:3000/static/js/bundle.js:387:72)
    at Provider (http://localhost:3000/static/js/bundle.js:109110:5) @ http://localhost:3000/static/js/bundle.js:66611
[ 6359226ms] [WARNING] ⚠️ React Router Future Flag Warning: React Router will begin wrapping state updates in `React.startTransition` in v7. You can use the `v7_startTransition` future flag to opt-in early. For more information, see https://reactrouter.com/v6/upgrading/future#v7_starttransition. @ http://localhost:3000/static/js/bundle.js:96154
[ 6359226ms] [WARNING] ⚠️ React Router Future Flag Warning: Relative route resolution within Splat routes is changing in v7. You can use the `v7_relativeSplatPath` future flag to opt-in early. For more information, see https://reactrouter.com/v6/upgrading/future#v7_relativesplatpath. @ http://localhost:3000/static/js/bundle.js:96154
[ 6361570ms] [ERROR] Failed to load resource: net::ERR_CONNECTION_REFUSED @ http://localhost:9999/v1/events:0
[ 6364926ms] [ERROR] Failed to load resource: net::ERR_CONNECTION_REFUSED @ http://localhost:9999/v1/events:0
[ 6369265ms] [ERROR] Failed to load resource: net::ERR_CONNECTION_REFUSED @ http://localhost:9999/v1/events:0
[ 6375599ms] [ERROR] Failed to load resource: net::ERR_CONNECTION_REFUSED @ http://localhost:9999/v1/events:0
[ 6385922ms] [ERROR] Failed to load resource: net::ERR_CONNECTION_REFUSED @ http://localhost:9999/v1/events:0
[ 6404267ms] [ERROR] Failed to load resource: net::ERR_CONNECTION_REFUSED @ http://localhost:9999/v1/events:0
[ 6436622ms] [ERROR] Failed to load resource: net::ERR_CONNECTION_REFUSED @ http://localhost:9999/v1/events:0
[ 6468971ms] [ERROR] Failed to load resource: net::ERR_CONNECTION_REFUSED @ http://localhost:9999/v1/events:0
[ 6501306ms] [ERROR] Failed to load resource: net::ERR_CONNECTION_REFUSED @ http://localhost:9999/v1/events:0
[ 6533656ms] [ERROR] Failed to load resource: net::ERR_CONNECTION_REFUSED @ http://localhost:9999/v1/events:0
[ 6565993ms] [ERROR] Failed to load resource: net::ERR_CONNECTION_REFUSED @ http://localhost:9999/v1/events:0
[ 6598357ms] [ERROR] Failed to load resource: net::ERR_CONNECTION_REFUSED @ http://localhost:9999/v1/events:0
[ 6630699ms] [ERROR] Failed to load resource: net::ERR_CONNECTION_REFUSED @ http://localhost:9999/v1/events:0
[ 6663057ms] [ERROR] Failed to load resource: net::ERR_CONNECTION_REFUSED @ http://localhost:9999/v1/events:0
[ 6695397ms] [ERROR] Failed to load resource: net::ERR_CONNECTION_REFUSED @ http://localhost:9999/v1/events:0
[ 6727744ms] [ERROR] Failed to load resource: net::ERR_CONNECTION_REFUSED @ http://localhost:9999/v1/events:0
[ 6760081ms] [ERROR] Failed to load resource: net::ERR_CONNECTION_REFUSED @ http://localhost:9999/v1/events:0
[ 6792415ms] [ERROR] Failed to load resource: net::ERR_CONNECTION_REFUSED @ http://localhost:9999/v1/events:0
[ 6824761ms] [ERROR] Failed to load resource: net::ERR_CONNECTION_REFUSED @ http://localhost:9999/v1/events:0
[ 6857109ms] [ERROR] Failed to load resource: net::ERR_CONNECTION_REFUSED @ http://localhost:9999/v1/events:0
[ 6889453ms] [ERROR] Failed to load resource: net::ERR_CONNECTION_REFUSED @ http://localhost:9999/v1/events:0
